// Jest Snapshot v1, https://goo.gl/fbAQLP

exports[`Calculator should match with snapshot 1`] = `
<div>
  <div
    class="MuiPaper-root MuiPaper-outlined MuiPaper-rounded"
  >
    <div
      class="MuiBox-root MuiBox-root-1"
    >
      <div
        class="MuiBox-root MuiBox-root-2"
      >
        <div
          class="MuiPaper-root MuiPaper-outlined MuiPaper-rounded"
        >
          <div
            class="MuiBox-root MuiBox-root-3"
          >
            <p
              class="MuiTypography-root MuiTypography-body1 MuiTypography-alignRight"
              data-testid="result-text"
            >
              0
            </p>
            <button
              class="MuiButtonBase-root MuiIconButton-root MuiIconButton-sizeSmall"
              data-testid="button-reset"
              tabindex="0"
              type="button"
            >
              <span
                class="MuiIconButton-label"
              >
                <svg
                  aria-hidden="true"
                  class="MuiSvgIcon-root MuiSvgIcon-fontSizeSmall"
                  focusable="false"
                  viewBox="0 0 24 24"
                >
                  <path
                    d="M22 3H7c-.69 0-1.23.35-1.59.88L0 12l5.41 8.11c.36.53.9.89 1.59.89h15c1.1 0 2-.9 2-2V5c0-1.1-.9-2-2-2zm-3 12.59L17.59 17 14 13.41 10.41 17 9 15.59 12.59 12 9 8.41 10.41 7 14 10.59 17.59 7 19 8.41 15.41 12 19 15.59z"
                  />
                </svg>
              </span>
              <span
                class="MuiTouchRipple-root"
              />
            </button>
          </div>
        </div>
      </div>
      <div
        class="MuiGrid-root MuiGrid-container MuiGrid-spacing-xs-1"
      >
        <div
          class="MuiGrid-root MuiGrid-item MuiGrid-grid-xs-3"
        >
          <button
            class="MuiButtonBase-root MuiButton-root MuiButton-text MuiButton-fullWidth"
            data-testid="button-7"
            tabindex="0"
            type="button"
          >
            <span
              class="MuiButton-label"
            >
              7
            </span>
            <span
              class="MuiTouchRipple-root"
            />
          </button>
        </div>
        <div
          class="MuiGrid-root MuiGrid-item MuiGrid-grid-xs-3"
        >
          <button
            class="MuiButtonBase-root MuiButton-root MuiButton-text MuiButton-fullWidth"
            data-testid="button-8"
            tabindex="0"
            type="button"
          >
            <span
              class="MuiButton-label"
            >
              8
            </span>
            <span
              class="MuiTouchRipple-root"
            />
          </button>
        </div>
        <div
          class="MuiGrid-root MuiGrid-item MuiGrid-grid-xs-3"
        >
          <button
            class="MuiButtonBase-root MuiButton-root MuiButton-text MuiButton-fullWidth"
            data-testid="button-9"
            tabindex="0"
            type="button"
          >
            <span
              class="MuiButton-label"
            >
              9
            </span>
            <span
              class="MuiTouchRipple-root"
            />
          </button>
        </div>
        <div
          class="MuiGrid-root MuiGrid-item MuiGrid-grid-xs-3"
        >
          <button
            class="MuiButtonBase-root MuiButton-root MuiButton-outlined MuiButton-outlinedPrimary MuiButton-fullWidth"
            data-testid="button-/"
            tabindex="0"
            type="button"
          >
            <span
              class="MuiButton-label"
            >
              /
            </span>
            <span
              class="MuiTouchRipple-root"
            />
          </button>
        </div>
        <div
          class="MuiGrid-root MuiGrid-item MuiGrid-grid-xs-3"
        >
          <button
            class="MuiButtonBase-root MuiButton-root MuiButton-text MuiButton-fullWidth"
            data-testid="button-4"
            tabindex="0"
            type="button"
          >
            <span
              class="MuiButton-label"
            >
              4
            </span>
            <span
              class="MuiTouchRipple-root"
            />
          </button>
        </div>
        <div
          class="MuiGrid-root MuiGrid-item MuiGrid-grid-xs-3"
        >
          <button
            class="MuiButtonBase-root MuiButton-root MuiButton-text MuiButton-fullWidth"
            data-testid="button-5"
            tabindex="0"
            type="button"
          >
            <span
              class="MuiButton-label"
            >
              5
            </span>
            <span
              class="MuiTouchRipple-root"
            />
          </button>
        </div>
        <div
          class="MuiGrid-root MuiGrid-item MuiGrid-grid-xs-3"
        >
          <button
            class="MuiButtonBase-root MuiButton-root MuiButton-text MuiButton-fullWidth"
            data-testid="button-6"
            tabindex="0"
            type="button"
          >
            <span
              class="MuiButton-label"
            >
              6
            </span>
            <span
              class="MuiTouchRipple-root"
            />
          </button>
        </div>
        <div
          class="MuiGrid-root MuiGrid-item MuiGrid-grid-xs-3"
        >
          <button
            class="MuiButtonBase-root MuiButton-root MuiButton-outlined MuiButton-outlinedPrimary MuiButton-fullWidth"
            data-testid="button-*"
            tabindex="0"
            type="button"
          >
            <span
              class="MuiButton-label"
            >
              *
            </span>
            <span
              class="MuiTouchRipple-root"
            />
          </button>
        </div>
        <div
          class="MuiGrid-root MuiGrid-item MuiGrid-grid-xs-3"
        >
          <button
            class="MuiButtonBase-root MuiButton-root MuiButton-text MuiButton-fullWidth"
            data-testid="button-1"
            tabindex="0"
            type="button"
          >
            <span
              class="MuiButton-label"
            >
              1
            </span>
            <span
              class="MuiTouchRipple-root"
            />
          </button>
        </div>
        <div
          class="MuiGrid-root MuiGrid-item MuiGrid-grid-xs-3"
        >
          <button
            class="MuiButtonBase-root MuiButton-root MuiButton-text MuiButton-fullWidth"
            data-testid="button-2"
            tabindex="0"
            type="button"
          >
            <span
              class="MuiButton-label"
            >
              2
            </span>
            <span
              class="MuiTouchRipple-root"
            />
          </button>
        </div>
        <div
          class="MuiGrid-root MuiGrid-item MuiGrid-grid-xs-3"
        >
          <button
            class="MuiButtonBase-root MuiButton-root MuiButton-text MuiButton-fullWidth"
            data-testid="button-3"
            tabindex="0"
            type="button"
          >
            <span
              class="MuiButton-label"
            >
              3
            </span>
            <span
              class="MuiTouchRipple-root"
            />
          </button>
        </div>
        <div
          class="MuiGrid-root MuiGrid-item MuiGrid-grid-xs-3"
        >
          <button
            class="MuiButtonBase-root MuiButton-root MuiButton-outlined MuiButton-outlinedPrimary MuiButton-fullWidth"
            data-testid="button--"
            tabindex="0"
            type="button"
          >
            <span
              class="MuiButton-label"
            >
              -
            </span>
            <span
              class="MuiTouchRipple-root"
            />
          </button>
        </div>
        <div
          class="MuiGrid-root MuiGrid-item MuiGrid-grid-xs-3"
        >
          <button
            class="MuiButtonBase-root MuiButton-root MuiButton-text MuiButton-fullWidth"
            data-testid="button-0"
            tabindex="0"
            type="button"
          >
            <span
              class="MuiButton-label"
            >
              0
            </span>
            <span
              class="MuiTouchRipple-root"
            />
          </button>
        </div>
        <div
          class="MuiGrid-root MuiGrid-item MuiGrid-grid-xs-6"
        >
          <button
            class="MuiButtonBase-root MuiButton-root MuiButton-contained MuiButton-containedPrimary MuiButton-fullWidth"
            data-testid="button-="
            tabindex="0"
            type="button"
          >
            <span
              class="MuiButton-label"
            >
              =
            </span>
            <span
              class="MuiTouchRipple-root"
            />
          </button>
        </div>
        <div
          class="MuiGrid-root MuiGrid-item MuiGrid-grid-xs-3"
        >
          <button
            class="MuiButtonBase-root MuiButton-root MuiButton-outlined MuiButton-outlinedPrimary MuiButton-fullWidth"
            data-testid="button-+"
            tabindex="0"
            type="button"
          >
            <span
              class="MuiButton-label"
            >
              +
            </span>
            <span
              class="MuiTouchRipple-root"
            />
          </button>
        </div>
      </div>
    </div>
  </div>
</div>
`;
